// Jest Snapshot v1, https://goo.gl/fbAQLP

exports[`CreateEditMovieModal Should render 1`] = `
<DocumentFragment>
  <button
    class="sc-AxhCb eOHJTW"
    type="button"
    width="100"
  >
    Add Movie
  </button>
</DocumentFragment>
`;
