// Jest Snapshot v1, https://goo.gl/fbAQLP

exports[`Footer Should render 1`] = `
<DocumentFragment>
  <div
    class="sc-AxirZ daYQmo"
  >
    <a
      class="sc-AxjAm PldMZ"
      href="#"
    >
       Cyber Movies 
    </a>
  </div>
</DocumentFragment>
`;
